2026-09-14 14:54:29 [INFO] Starting literature run for [2026-09-07, 2026-09-14)
2026-09-14 14:54:29 [INFO] Querying OpenAlex: Nature page 1
2026-09-14 14:54:30 [INFO] Querying OpenAlex: Nature page 2
2026-09-14 14:54:30 [INFO] Retrieved 87 dated works from Nature
2026-09-14 14:54:30 [INFO] Querying OpenAlex: Nature Energy page 1
2026-09-14 14:54:31 [INFO] Retrieved 9 dated works from Nature Energy
2026-09-14 14:54:31 [INFO] Querying OpenAlex: Nature Catalysis page 1
2026-09-14 14:54:31 [INFO] Retrieved 4 dated works from Nature Catalysis
2026-09-14 14:54:31 [INFO] Querying OpenAlex: Nature Sustainability page 1
2026-09-14 14:54:32 [INFO] Retrieved 5 dated works from Nature Sustainability
2026-09-14 14:54:32 [INFO] Querying OpenAlex: Nature Materials page 1
2026-09-14 14:54:32 [INFO] Retrieved 10 dated works from Nature Materials
2026-09-14 14:54:32 [INFO] Querying OpenAlex: Nature Nanotechnology page 1
2026-09-14 14:54:32 [INFO] Retrieved 7 dated works from Nature Nanotechnology
2026-09-14 14:54:32 [INFO] Querying OpenAlex: Nature Chemistry page 1
2026-09-14 14:54:33 [INFO] Retrieved 3 dated works from Nature Chemistry
2026-09-14 14:54:33 [INFO] Querying OpenAlex: Nature Chemical Biology page 1
2026-09-14 14:54:33 [INFO] Retrieved 11 dated works from Nature Chemical Biology
2026-09-14 14:54:33 [INFO] Querying OpenAlex: Nature Communications page 1
2026-09-14 14:54:34 [INFO] Querying OpenAlex: Nature Communications page 2
2026-09-14 14:54:34 [INFO] Querying OpenAlex: Nature Communications page 3
2026-09-14 14:54:35 [INFO] Querying OpenAlex: Nature Communications page 4
2026-09-14 14:54:35 [INFO] Retrieved 192 dated works from Nature Communications
2026-09-14 14:54:35 [INFO] Querying OpenAlex: Nature Plants page 1
2026-09-14 14:54:36 [INFO] Retrieved 9 dated works from Nature Plants
2026-09-14 14:54:36 [INFO] Querying OpenAlex: Nature Reviews Clean Technology page 1
2026-09-14 14:54:36 [INFO] Retrieved 0 dated works from Nature Reviews Clean Technology
2026-09-14 14:54:36 [INFO] Querying OpenAlex: Nature Water page 1
2026-09-14 14:54:36 [INFO] Retrieved 5 dated works from Nature Water
2026-09-14 14:54:36 [INFO] Querying OpenAlex: Science page 1
2026-09-14 14:54:36 [INFO] Retrieved 40 dated works from Science
2026-09-14 14:54:36 [INFO] Querying OpenAlex: Science Advances page 1
2026-09-14 14:54:37 [INFO] Querying OpenAlex: Science Advances page 2
2026-09-14 14:54:38 [INFO] Retrieved 85 dated works from Science Advances
2026-09-14 14:54:38 [INFO] Querying OpenAlex: Science Translational Medicine page 1
2026-09-14 14:54:38 [INFO] Retrieved 7 dated works from Science Translational Medicine
2026-09-14 14:54:38 [INFO] Querying OpenAlex: Cell page 1
2026-09-14 14:54:38 [INFO] Retrieved 0 dated works from Cell
2026-09-14 14:54:38 [INFO] Querying OpenAlex: Joule page 1
2026-09-14 14:54:38 [INFO] Retrieved 0 dated works from Joule
2026-09-14 14:54:38 [INFO] Querying OpenAlex: Chem page 1
2026-09-14 14:54:39 [INFO] Retrieved 0 dated works from Chem
2026-09-14 14:54:39 [INFO] Querying OpenAlex: Chem Catalysis page 1
2026-09-14 14:54:39 [INFO] Retrieved 0 dated works from Chem Catalysis
2026-09-14 14:54:39 [INFO] Querying OpenAlex: Matter page 1
2026-09-14 14:54:39 [INFO] Retrieved 0 dated works from Matter
2026-09-14 14:54:39 [INFO] Querying OpenAlex: One Earth page 1
2026-09-14 14:54:39 [INFO] Retrieved 0 dated works from One Earth
2026-09-14 14:54:39 [INFO] Querying OpenAlex: Renewable and Sustainable Energy Reviews page 1
2026-09-14 14:54:40 [INFO] Retrieved 26 dated works from Renewable and Sustainable Energy Reviews
2026-09-14 14:54:40 [INFO] Querying OpenAlex: Chemical Engineering Journal page 1
2026-09-14 14:54:40 [INFO] Querying OpenAlex: Chemical Engineering Journal page 2
2026-09-14 14:54:41 [INFO] Retrieved 77 dated works from Chemical Engineering Journal
2026-09-14 14:54:41 [INFO] Querying OpenAlex: Bioresource Technology page 1
2026-09-14 14:54:41 [INFO] Retrieved 2 dated works from Bioresource Technology
2026-09-14 14:54:41 [INFO] Querying OpenAlex: Journal of Cleaner Production page 1
2026-09-14 14:54:41 [INFO] Retrieved 20 dated works from Journal of Cleaner Production
2026-09-14 14:54:41 [INFO] Querying OpenAlex: Energy page 1
2026-09-14 14:54:42 [INFO] Retrieved 20 dated works from Energy
2026-09-14 14:54:42 [INFO] Querying OpenAlex: Fuel page 1
2026-09-14 14:54:42 [INFO] Querying OpenAlex: Fuel page 2
2026-09-14 14:54:42 [INFO] Retrieved 94 dated works from Fuel
2026-09-14 14:54:42 [INFO] Querying OpenAlex: Chemosphere page 1
2026-09-14 14:54:43 [INFO] Retrieved 3 dated works from Chemosphere
2026-09-14 14:54:43 [INFO] Querying OpenAlex: Industrial & Engineering Chemistry Research page 1
2026-09-14 14:54:43 [INFO] Retrieved 44 dated works from Industrial & Engineering Chemistry Research
2026-09-14 14:54:43 [INFO] Querying OpenAlex: Energy & Fuels page 1
2026-09-14 14:54:44 [INFO] Retrieved 44 dated works from Energy & Fuels
2026-09-14 14:54:44 [INFO] Querying OpenAlex: Applied Energy page 1
2026-09-14 14:54:44 [INFO] Retrieved 37 dated works from Applied Energy
2026-09-14 14:54:44 [INFO] Querying OpenAlex: Green Chemistry page 1
2026-09-14 14:54:44 [INFO] Retrieved 0 dated works from Green Chemistry
2026-09-14 14:54:44 [INFO] Querying OpenAlex: International Journal of Hydrogen Energy page 1
2026-09-14 14:54:45 [INFO] Querying OpenAlex: International Journal of Hydrogen Energy page 2
2026-09-14 14:54:45 [INFO] Retrieved 72 dated works from International Journal of Hydrogen Energy
2026-09-14 14:54:45 [INFO] Querying OpenAlex: International Journal of Agricultural and Biological Engineering page 1
2026-09-14 14:54:45 [INFO] Retrieved 0 dated works from International Journal of Agricultural and Biological Engineering
2026-09-14 14:54:45 [INFO] Querying OpenAlex: 农业工程学报 page 1
2026-09-14 14:54:46 [INFO] Retrieved 0 dated works from 农业工程学报
2026-09-14 14:54:46 [INFO] Querying OpenAlex: Biochemical Engineering Journal page 1
2026-09-14 14:54:46 [INFO] Retrieved 4 dated works from Biochemical Engineering Journal
2026-09-14 14:54:46 [INFO] Querying OpenAlex: Frontiers in Microbiology page 1
2026-09-14 14:54:47 [INFO] Querying OpenAlex: Frontiers in Microbiology page 2
2026-09-14 14:54:47 [INFO] Retrieved 94 dated works from Frontiers in Microbiology
2026-09-14 14:54:47 [INFO] Keyword filtering retained 6 of 1011 works
2026-09-14 14:54:47 [INFO] Historical deduplication retained 6 new papers
2026-09-14 14:54:47 [INFO] History persisted before report delivery
2026-09-14 14:54:47 [WARNING] Title translation failed for The dual role of biochar in modulating microplastic effects on soil nitrogen: Server Error: You made too many requests to the server.According to google, you are allowed to make 5 requests per secondand up to 200k requests per day. You can wait and try again later oryou can try the translate_batch function
2026-09-14 14:54:48 [WARNING] Title translation failed for Impact of biochar on enzyme activity, respiration, and microbial population in irrigated farmland: Server Error: You made too many requests to the server.According to google, you are allowed to make 5 requests per secondand up to 200k requests per day. You can wait and try again later oryou can try the translate_batch function
2026-09-14 14:54:48 [WARNING] Title translation failed for Mesophilic dark fermentation of palm oil mill effluent for hydrogen and VFA co-production: Process performance, techno-economic screening, and biorefinery implications: Server Error: You made too many requests to the server.According to google, you are allowed to make 5 requests per secondand up to 200k requests per day. You can wait and try again later oryou can try the translate_batch function
2026-09-14 14:54:49 [WARNING] Title translation failed for Advanced biorefinery integration in kraft pulp mills: BECCS pathways, commercial failure analysis, and the carbon price threshold for subsidy-free viability: Server Error: You made too many requests to the server.According to google, you are allowed to make 5 requests per secondand up to 200k requests per day. You can wait and try again later oryou can try the translate_batch function
2026-09-14 14:54:49 [WARNING] Title translation failed for Lignin for hydrogen production: A comprehensive review of technologies, catalysts, and future perspectives: Server Error: You made too many requests to the server.According to google, you are allowed to make 5 requests per secondand up to 200k requests per day. You can wait and try again later oryou can try the translate_batch function
2026-09-14 14:54:49 [WARNING] Title translation failed for Solid-Acid Catalyzed Acylation of Bio-Based Furan to 2-Acetylfuran: Mechanistic Insights into Selectivity Loss and Catalyst Deactivation Kinetics: Server Error: You made too many requests to the server.According to google, you are allowed to make 5 requests per secondand up to 200k requests per day. You can wait and try again later oryou can try the translate_batch function
2026-09-14 14:54:53 [INFO] Generated summary: The dual role of biochar in modulating microplastic effects on soil nitrogen
2026-09-14 14:54:55 [INFO] Generated summary: Impact of biochar on enzyme activity, respiration, and microbial population in irrigated farmland
2026-09-14 14:54:55 [WARNING] Skipping summary without abstract: Mesophilic dark fermentation of palm oil mill effluent for hydrogen and VFA co-production: Process performance, techno-economic screening, and biorefinery implications
2026-09-14 14:54:55 [WARNING] Skipping summary without abstract: Advanced biorefinery integration in kraft pulp mills: BECCS pathways, commercial failure analysis, and the carbon price threshold for subsidy-free viability
2026-09-14 14:54:58 [INFO] Generated summary: Lignin for hydrogen production: A comprehensive review of technologies, catalysts, and future perspectives
2026-09-14 14:55:02 [INFO] Generated summary: Solid-Acid Catalyzed Acylation of Bio-Based Furan to 2-Acetylfuran: Mechanistic Insights into Selectivity Loss and Catalyst Deactivation Kinetics
2026-09-14 14:55:02 [INFO] Generated report and rebuilt archive index: /home/runner/work/literature-radar/literature-radar/reports/weekly_report_2026-09-14.md
2026-09-14 14:55:06 [INFO] Email sent successfully
2026-09-14 14:55:06 [INFO] Run completed; GitHub Actions will commit generated files
