2026-08-10 15:05:17 [INFO] Starting literature run for [2026-08-03, 2026-08-10)
2026-08-10 15:05:17 [INFO] Querying OpenAlex: Nature page 1
2026-08-10 15:05:20 [INFO] Querying OpenAlex: Nature page 2
2026-08-10 15:05:21 [INFO] Retrieved 74 dated works from Nature
2026-08-10 15:05:21 [INFO] Querying OpenAlex: Nature Energy page 1
2026-08-10 15:05:21 [INFO] Retrieved 2 dated works from Nature Energy
2026-08-10 15:05:21 [INFO] Querying OpenAlex: Nature Catalysis page 1
2026-08-10 15:05:22 [INFO] Retrieved 4 dated works from Nature Catalysis
2026-08-10 15:05:22 [INFO] Querying OpenAlex: Nature Sustainability page 1
2026-08-10 15:05:23 [INFO] Retrieved 3 dated works from Nature Sustainability
2026-08-10 15:05:23 [INFO] Querying OpenAlex: Nature Materials page 1
2026-08-10 15:05:24 [INFO] Retrieved 6 dated works from Nature Materials
2026-08-10 15:05:24 [INFO] Querying OpenAlex: Nature Nanotechnology page 1
2026-08-10 15:05:25 [INFO] Retrieved 8 dated works from Nature Nanotechnology
2026-08-10 15:05:25 [INFO] Querying OpenAlex: Nature Chemistry page 1
2026-08-10 15:05:26 [INFO] Retrieved 0 dated works from Nature Chemistry
2026-08-10 15:05:26 [INFO] Querying OpenAlex: Nature Chemical Biology page 1
2026-08-10 15:05:27 [INFO] Retrieved 6 dated works from Nature Chemical Biology
2026-08-10 15:05:27 [INFO] Querying OpenAlex: Nature Communications page 1
2026-08-10 15:05:29 [INFO] Querying OpenAlex: Nature Communications page 2
2026-08-10 15:05:31 [INFO] Querying OpenAlex: Nature Communications page 3
2026-08-10 15:05:33 [INFO] Querying OpenAlex: Nature Communications page 4
2026-08-10 15:05:35 [INFO] Querying OpenAlex: Nature Communications page 5
2026-08-10 15:05:38 [INFO] Querying OpenAlex: Nature Communications page 6
2026-08-10 15:05:38 [INFO] Retrieved 253 dated works from Nature Communications
2026-08-10 15:05:39 [INFO] Querying OpenAlex: Nature Plants page 1
2026-08-10 15:05:39 [INFO] Retrieved 5 dated works from Nature Plants
2026-08-10 15:05:39 [INFO] Querying OpenAlex: Nature Reviews Clean Technology page 1
2026-08-10 15:05:40 [INFO] Retrieved 0 dated works from Nature Reviews Clean Technology
2026-08-10 15:05:40 [INFO] Querying OpenAlex: Nature Water page 1
2026-08-10 15:05:41 [INFO] Retrieved 1 dated works from Nature Water
2026-08-10 15:05:41 [INFO] Querying OpenAlex: Science page 1
2026-08-10 15:05:42 [INFO] Retrieved 34 dated works from Science
2026-08-10 15:05:42 [INFO] Querying OpenAlex: Science Advances page 1
2026-08-10 15:05:45 [INFO] Querying OpenAlex: Science Advances page 2
2026-08-10 15:05:46 [INFO] Retrieved 86 dated works from Science Advances
2026-08-10 15:05:46 [INFO] Querying OpenAlex: Science Translational Medicine page 1
2026-08-10 15:05:48 [INFO] Retrieved 9 dated works from Science Translational Medicine
2026-08-10 15:05:48 [INFO] Querying OpenAlex: Cell page 1
2026-08-10 15:05:48 [INFO] Retrieved 0 dated works from Cell
2026-08-10 15:05:48 [INFO] Querying OpenAlex: Joule page 1
2026-08-10 15:05:49 [INFO] Retrieved 0 dated works from Joule
2026-08-10 15:05:49 [INFO] Querying OpenAlex: Chem page 1
2026-08-10 15:05:49 [INFO] Retrieved 0 dated works from Chem
2026-08-10 15:05:49 [INFO] Querying OpenAlex: Chem Catalysis page 1
2026-08-10 15:05:50 [INFO] Retrieved 0 dated works from Chem Catalysis
2026-08-10 15:05:50 [INFO] Querying OpenAlex: Matter page 1
2026-08-10 15:05:51 [INFO] Retrieved 0 dated works from Matter
2026-08-10 15:05:51 [INFO] Querying OpenAlex: One Earth page 1
2026-08-10 15:05:51 [INFO] Retrieved 0 dated works from One Earth
2026-08-10 15:05:51 [INFO] Querying OpenAlex: Renewable and Sustainable Energy Reviews page 1
2026-08-10 15:05:52 [INFO] Retrieved 27 dated works from Renewable and Sustainable Energy Reviews
2026-08-10 15:05:52 [INFO] Querying OpenAlex: Chemical Engineering Journal page 1
2026-08-10 15:05:54 [INFO] Querying OpenAlex: Chemical Engineering Journal page 2
2026-08-10 15:05:55 [INFO] Retrieved 77 dated works from Chemical Engineering Journal
2026-08-10 15:05:55 [INFO] Querying OpenAlex: Bioresource Technology page 1
2026-08-10 15:05:57 [INFO] Retrieved 11 dated works from Bioresource Technology
2026-08-10 15:05:57 [INFO] Querying OpenAlex: Journal of Cleaner Production page 1
2026-08-10 15:05:57 [INFO] Retrieved 0 dated works from Journal of Cleaner Production
2026-08-10 15:05:57 [INFO] Querying OpenAlex: Energy page 1
2026-08-10 15:05:58 [INFO] Retrieved 23 dated works from Energy
2026-08-10 15:05:58 [INFO] Querying OpenAlex: Fuel page 1
2026-08-10 15:06:00 [INFO] Querying OpenAlex: Fuel page 2
2026-08-10 15:06:01 [INFO] Retrieved 59 dated works from Fuel
2026-08-10 15:06:01 [INFO] Querying OpenAlex: Chemosphere page 1
2026-08-10 15:06:02 [INFO] Retrieved 6 dated works from Chemosphere
2026-08-10 15:06:02 [INFO] Querying OpenAlex: Industrial & Engineering Chemistry Research page 1
2026-08-10 15:06:03 [INFO] Retrieved 39 dated works from Industrial & Engineering Chemistry Research
2026-08-10 15:06:03 [INFO] Querying OpenAlex: Energy & Fuels page 1
2026-08-10 15:06:05 [INFO] Retrieved 42 dated works from Energy & Fuels
2026-08-10 15:06:05 [INFO] Querying OpenAlex: Applied Energy page 1
2026-08-10 15:06:07 [INFO] Querying OpenAlex: Applied Energy page 2
2026-08-10 15:06:08 [INFO] Retrieved 66 dated works from Applied Energy
2026-08-10 15:06:08 [INFO] Querying OpenAlex: Green Chemistry page 1
2026-08-10 15:06:09 [INFO] Retrieved 0 dated works from Green Chemistry
2026-08-10 15:06:09 [INFO] Querying OpenAlex: International Journal of Hydrogen Energy page 1
2026-08-10 15:06:10 [INFO] Retrieved 22 dated works from International Journal of Hydrogen Energy
2026-08-10 15:06:10 [INFO] Querying OpenAlex: International Journal of Agricultural and Biological Engineering page 1
2026-08-10 15:06:11 [INFO] Retrieved 0 dated works from International Journal of Agricultural and Biological Engineering
2026-08-10 15:06:11 [INFO] Querying OpenAlex: 农业工程学报 page 1
2026-08-10 15:06:11 [INFO] Retrieved 0 dated works from 农业工程学报
2026-08-10 15:06:11 [INFO] Querying OpenAlex: Biochemical Engineering Journal page 1
2026-08-10 15:06:12 [INFO] Retrieved 5 dated works from Biochemical Engineering Journal
2026-08-10 15:06:12 [INFO] Querying OpenAlex: Frontiers in Microbiology page 1
2026-08-10 15:06:14 [INFO] Querying OpenAlex: Frontiers in Microbiology page 2
2026-08-10 15:06:16 [INFO] Retrieved 71 dated works from Frontiers in Microbiology
2026-08-10 15:06:16 [INFO] Keyword filtering retained 9 of 939 works
2026-08-10 15:06:16 [INFO] Historical deduplication retained 9 new papers
2026-08-10 15:06:16 [INFO] History persisted before report delivery
2026-08-10 15:06:17 [INFO] Translated title: Iron/sulfur cycling in pyrite-biochar constructed wetlands enhances PFOA removal, nutrient metabolism and greenhouse gas mitigation
2026-08-10 15:06:20 [INFO] Translated title: Photodegradation process of microplastics mediated by biochar-derived dissolved organic matter: Insights from density functional theory calculations
2026-08-10 15:06:22 [INFO] Translated title: An energy-efficient CO2/pulsating H2O(g) strategy for advancing biochar gasification
2026-08-10 15:06:23 [INFO] Translated title: Influence of metal loading and temperature on methane decomposition and nano-carbon formation over iron catalyst supported by sawdust biochar and alumina
2026-08-10 15:06:25 [INFO] Translated title: Scaled-Up Microwave-Assisted Continuous Pyrolysisfor Mixed Plastic Waste Valorization: Process Design and Techno-EconomicAnalysis toward Technology Industrialization
2026-08-10 15:06:27 [INFO] Translated title: Synergistic Production of Fuel-Grade Bio-Oil and CarbonRich Biochar from Co-Pyrolysis of Spent Coffee Grounds and HDPE: ProcessOptimization Using Response Surface Methodology and Machine Learning
2026-08-10 15:06:27 [INFO] Translated title: Unraveling the effect of olive-mill waste biostimulant particles during photosynthetic biogas upgrading coupled with pigment production
2026-08-10 15:06:29 [INFO] Translated title: Acidogenic fermentation of thermally hydrolyzed organic matter recovered from residual municipal waste: process performance and insights from batch and semi-continuous operation
2026-08-10 15:06:30 [INFO] Translated title: Identification of a membrane transporter for dimethylsulfoniopropionate uptake in marine eukaryotic phytoplankton
2026-08-10 15:06:31 [WARNING] Skipping summary without abstract: Iron/sulfur cycling in pyrite-biochar constructed wetlands enhances PFOA removal, nutrient metabolism and greenhouse gas mitigation
2026-08-10 15:06:31 [WARNING] Skipping summary without abstract: Photodegradation process of microplastics mediated by biochar-derived dissolved organic matter: Insights from density functional theory calculations
2026-08-10 15:06:31 [WARNING] Skipping summary without abstract: An energy-efficient CO2/pulsating H2O(g) strategy for advancing biochar gasification
2026-08-10 15:06:31 [WARNING] Skipping summary without abstract: Influence of metal loading and temperature on methane decomposition and nano-carbon formation over iron catalyst supported by sawdust biochar and alumina
2026-08-10 15:06:34 [WARNING] Summary failed for Scaled-Up Microwave-Assisted Continuous Pyrolysisfor Mixed Plastic Waste Valorization: Process Design and Techno-EconomicAnalysis toward Technology Industrialization: Error code: 402 - {'error': {'message': 'Insufficient Balance', 'type': 'unknown_error', 'param': None, 'code': 'invalid_request_error'}}
2026-08-10 15:06:34 [WARNING] Summary failed for Synergistic Production of Fuel-Grade Bio-Oil and CarbonRich Biochar from Co-Pyrolysis of Spent Coffee Grounds and HDPE: ProcessOptimization Using Response Surface Methodology and Machine Learning: Error code: 402 - {'error': {'message': 'Insufficient Balance', 'type': 'unknown_error', 'param': None, 'code': 'invalid_request_error'}}
2026-08-10 15:06:34 [WARNING] Summary failed for Unraveling the effect of olive-mill waste biostimulant particles during photosynthetic biogas upgrading coupled with pigment production: Error code: 402 - {'error': {'message': 'Insufficient Balance', 'type': 'unknown_error', 'param': None, 'code': 'invalid_request_error'}}
2026-08-10 15:06:35 [WARNING] Summary failed for Acidogenic fermentation of thermally hydrolyzed organic matter recovered from residual municipal waste: process performance and insights from batch and semi-continuous operation: Error code: 402 - {'error': {'message': 'Insufficient Balance', 'type': 'unknown_error', 'param': None, 'code': 'invalid_request_error'}}
2026-08-10 15:06:35 [WARNING] Summary failed for Identification of a membrane transporter for dimethylsulfoniopropionate uptake in marine eukaryotic phytoplankton: Error code: 402 - {'error': {'message': 'Insufficient Balance', 'type': 'unknown_error', 'param': None, 'code': 'invalid_request_error'}}
2026-08-10 15:06:35 [INFO] Generated report and rebuilt archive index: E:\工作台\literature-radar\reports\weekly_report_2026-08-10.md
2026-08-10 15:06:37 [INFO] Email sent successfully
2026-08-10 15:06:37 [INFO] Run completed; GitHub Actions will commit generated files
2026-08-10 15:15:09 [INFO] Starting literature run for [2026-08-03, 2026-08-10)
2026-08-10 15:15:09 [INFO] Querying OpenAlex: Nature page 1
2026-08-10 15:15:12 [INFO] Querying OpenAlex: Nature page 2
2026-08-10 15:15:14 [INFO] Retrieved 74 dated works from Nature
2026-08-10 15:15:14 [INFO] Querying OpenAlex: Nature Energy page 1
2026-08-10 15:15:15 [INFO] Retrieved 2 dated works from Nature Energy
2026-08-10 15:15:15 [INFO] Querying OpenAlex: Nature Catalysis page 1
2026-08-10 15:15:15 [INFO] Retrieved 4 dated works from Nature Catalysis
2026-08-10 15:15:15 [INFO] Querying OpenAlex: Nature Sustainability page 1
2026-08-10 15:15:16 [INFO] Retrieved 3 dated works from Nature Sustainability
2026-08-10 15:15:16 [INFO] Querying OpenAlex: Nature Materials page 1
2026-08-10 15:15:17 [INFO] Retrieved 6 dated works from Nature Materials
2026-08-10 15:15:17 [INFO] Querying OpenAlex: Nature Nanotechnology page 1
2026-08-10 15:15:18 [INFO] Retrieved 8 dated works from Nature Nanotechnology
2026-08-10 15:15:18 [INFO] Querying OpenAlex: Nature Chemistry page 1
2026-08-10 15:15:18 [INFO] Retrieved 0 dated works from Nature Chemistry
2026-08-10 15:15:18 [INFO] Querying OpenAlex: Nature Chemical Biology page 1
2026-08-10 15:15:19 [INFO] Retrieved 6 dated works from Nature Chemical Biology
2026-08-10 15:15:19 [INFO] Querying OpenAlex: Nature Communications page 1
2026-08-10 15:15:21 [INFO] Querying OpenAlex: Nature Communications page 2
2026-08-10 15:15:22 [INFO] Querying OpenAlex: Nature Communications page 3
2026-08-10 15:15:24 [INFO] Querying OpenAlex: Nature Communications page 4
2026-08-10 15:15:26 [INFO] Querying OpenAlex: Nature Communications page 5
2026-08-10 15:15:28 [INFO] Querying OpenAlex: Nature Communications page 6
2026-08-10 15:15:29 [INFO] Retrieved 253 dated works from Nature Communications
2026-08-10 15:15:29 [INFO] Querying OpenAlex: Nature Plants page 1
2026-08-10 15:15:30 [INFO] Retrieved 5 dated works from Nature Plants
2026-08-10 15:15:30 [INFO] Querying OpenAlex: Nature Reviews Clean Technology page 1
2026-08-10 15:15:30 [INFO] Retrieved 0 dated works from Nature Reviews Clean Technology
2026-08-10 15:15:30 [INFO] Querying OpenAlex: Nature Water page 1
2026-08-10 15:15:31 [INFO] Retrieved 1 dated works from Nature Water
2026-08-10 15:15:31 [INFO] Querying OpenAlex: Science page 1
2026-08-10 15:15:33 [INFO] Retrieved 34 dated works from Science
2026-08-10 15:15:33 [INFO] Querying OpenAlex: Science Advances page 1
2026-08-10 15:15:35 [INFO] Querying OpenAlex: Science Advances page 2
2026-08-10 15:15:36 [INFO] Retrieved 86 dated works from Science Advances
2026-08-10 15:15:36 [INFO] Querying OpenAlex: Science Translational Medicine page 1
2026-08-10 15:15:38 [INFO] Retrieved 9 dated works from Science Translational Medicine
2026-08-10 15:15:38 [INFO] Querying OpenAlex: Cell page 1
2026-08-10 15:15:38 [INFO] Retrieved 0 dated works from Cell
2026-08-10 15:15:38 [INFO] Querying OpenAlex: Joule page 1
2026-08-10 15:15:39 [INFO] Retrieved 0 dated works from Joule
2026-08-10 15:15:39 [INFO] Querying OpenAlex: Chem page 1
2026-08-10 15:15:39 [INFO] Retrieved 0 dated works from Chem
2026-08-10 15:15:39 [INFO] Querying OpenAlex: Chem Catalysis page 1
2026-08-10 15:15:40 [INFO] Retrieved 0 dated works from Chem Catalysis
2026-08-10 15:15:40 [INFO] Querying OpenAlex: Matter page 1
2026-08-10 15:15:40 [INFO] Retrieved 0 dated works from Matter
2026-08-10 15:15:40 [INFO] Querying OpenAlex: One Earth page 1
2026-08-10 15:15:41 [INFO] Retrieved 0 dated works from One Earth
2026-08-10 15:15:41 [INFO] Querying OpenAlex: Renewable and Sustainable Energy Reviews page 1
2026-08-10 15:15:42 [INFO] Retrieved 27 dated works from Renewable and Sustainable Energy Reviews
2026-08-10 15:15:42 [INFO] Querying OpenAlex: Chemical Engineering Journal page 1
2026-08-10 15:15:44 [INFO] Querying OpenAlex: Chemical Engineering Journal page 2
2026-08-10 15:15:46 [INFO] Retrieved 77 dated works from Chemical Engineering Journal
2026-08-10 15:15:46 [INFO] Querying OpenAlex: Bioresource Technology page 1
2026-08-10 15:15:46 [INFO] Retrieved 11 dated works from Bioresource Technology
2026-08-10 15:15:46 [INFO] Querying OpenAlex: Journal of Cleaner Production page 1
2026-08-10 15:15:47 [INFO] Retrieved 0 dated works from Journal of Cleaner Production
2026-08-10 15:15:47 [INFO] Querying OpenAlex: Energy page 1
2026-08-10 15:15:49 [INFO] Retrieved 23 dated works from Energy
2026-08-10 15:15:49 [INFO] Querying OpenAlex: Fuel page 1
2026-08-10 15:15:51 [INFO] Querying OpenAlex: Fuel page 2
2026-08-10 15:15:52 [INFO] Retrieved 59 dated works from Fuel
2026-08-10 15:15:52 [INFO] Querying OpenAlex: Chemosphere page 1
2026-08-10 15:15:53 [INFO] Retrieved 6 dated works from Chemosphere
2026-08-10 15:15:53 [INFO] Querying OpenAlex: Industrial & Engineering Chemistry Research page 1
2026-08-10 15:15:55 [INFO] Retrieved 39 dated works from Industrial & Engineering Chemistry Research
2026-08-10 15:15:55 [INFO] Querying OpenAlex: Energy & Fuels page 1
2026-08-10 15:15:56 [INFO] Retrieved 42 dated works from Energy & Fuels
2026-08-10 15:15:56 [INFO] Querying OpenAlex: Applied Energy page 1
2026-08-10 15:15:57 [INFO] Querying OpenAlex: Applied Energy page 2
2026-08-10 15:15:58 [INFO] Retrieved 66 dated works from Applied Energy
2026-08-10 15:15:58 [INFO] Querying OpenAlex: Green Chemistry page 1
2026-08-10 15:15:58 [INFO] Retrieved 0 dated works from Green Chemistry
2026-08-10 15:15:58 [INFO] Querying OpenAlex: International Journal of Hydrogen Energy page 1
2026-08-10 15:16:00 [INFO] Retrieved 22 dated works from International Journal of Hydrogen Energy
2026-08-10 15:16:00 [INFO] Querying OpenAlex: International Journal of Agricultural and Biological Engineering page 1
2026-08-10 15:16:00 [INFO] Retrieved 0 dated works from International Journal of Agricultural and Biological Engineering
2026-08-10 15:16:00 [INFO] Querying OpenAlex: 农业工程学报 page 1
2026-08-10 15:16:01 [INFO] Retrieved 0 dated works from 农业工程学报
2026-08-10 15:16:01 [INFO] Querying OpenAlex: Biochemical Engineering Journal page 1
2026-08-10 15:16:02 [INFO] Retrieved 5 dated works from Biochemical Engineering Journal
2026-08-10 15:16:02 [INFO] Querying OpenAlex: Frontiers in Microbiology page 1
2026-08-10 15:16:03 [INFO] Querying OpenAlex: Frontiers in Microbiology page 2
2026-08-10 15:16:04 [INFO] Retrieved 71 dated works from Frontiers in Microbiology
2026-08-10 15:16:04 [INFO] Keyword filtering retained 9 of 939 works
2026-08-10 15:16:04 [INFO] Historical deduplication retained 9 new papers
2026-08-10 15:16:04 [INFO] History persisted before report delivery
2026-08-10 15:16:05 [INFO] Translated title: Iron/sulfur cycling in pyrite-biochar constructed wetlands enhances PFOA removal, nutrient metabolism and greenhouse gas mitigation
2026-08-10 15:16:05 [INFO] Translated title: Photodegradation process of microplastics mediated by biochar-derived dissolved organic matter: Insights from density functional theory calculations
2026-08-10 15:16:06 [INFO] Translated title: An energy-efficient CO2/pulsating H2O(g) strategy for advancing biochar gasification
2026-08-10 15:16:07 [INFO] Translated title: Influence of metal loading and temperature on methane decomposition and nano-carbon formation over iron catalyst supported by sawdust biochar and alumina
2026-08-10 15:16:07 [INFO] Translated title: Scaled-Up Microwave-Assisted Continuous Pyrolysisfor Mixed Plastic Waste Valorization: Process Design and Techno-EconomicAnalysis toward Technology Industrialization
2026-08-10 15:16:08 [INFO] Translated title: Synergistic Production of Fuel-Grade Bio-Oil and CarbonRich Biochar from Co-Pyrolysis of Spent Coffee Grounds and HDPE: ProcessOptimization Using Response Surface Methodology and Machine Learning
2026-08-10 15:16:09 [INFO] Translated title: Unraveling the effect of olive-mill waste biostimulant particles during photosynthetic biogas upgrading coupled with pigment production
2026-08-10 15:16:10 [INFO] Translated title: Acidogenic fermentation of thermally hydrolyzed organic matter recovered from residual municipal waste: process performance and insights from batch and semi-continuous operation
2026-08-10 15:16:11 [INFO] Translated title: Identification of a membrane transporter for dimethylsulfoniopropionate uptake in marine eukaryotic phytoplankton
2026-08-10 15:16:11 [WARNING] Skipping summary without abstract: Iron/sulfur cycling in pyrite-biochar constructed wetlands enhances PFOA removal, nutrient metabolism and greenhouse gas mitigation
2026-08-10 15:16:11 [WARNING] Skipping summary without abstract: Photodegradation process of microplastics mediated by biochar-derived dissolved organic matter: Insights from density functional theory calculations
2026-08-10 15:16:11 [WARNING] Skipping summary without abstract: An energy-efficient CO2/pulsating H2O(g) strategy for advancing biochar gasification
2026-08-10 15:16:11 [WARNING] Skipping summary without abstract: Influence of metal loading and temperature on methane decomposition and nano-carbon formation over iron catalyst supported by sawdust biochar and alumina
2026-08-10 15:16:17 [INFO] Generated summary: Scaled-Up Microwave-Assisted Continuous Pyrolysisfor Mixed Plastic Waste Valorization: Process Design and Techno-EconomicAnalysis toward Technology Industrialization
2026-08-10 15:16:21 [INFO] Generated summary: Synergistic Production of Fuel-Grade Bio-Oil and CarbonRich Biochar from Co-Pyrolysis of Spent Coffee Grounds and HDPE: ProcessOptimization Using Response Surface Methodology and Machine Learning
2026-08-10 15:16:24 [INFO] Generated summary: Unraveling the effect of olive-mill waste biostimulant particles during photosynthetic biogas upgrading coupled with pigment production
2026-08-10 15:16:27 [INFO] Generated summary: Acidogenic fermentation of thermally hydrolyzed organic matter recovered from residual municipal waste: process performance and insights from batch and semi-continuous operation
2026-08-10 15:16:31 [INFO] Generated summary: Identification of a membrane transporter for dimethylsulfoniopropionate uptake in marine eukaryotic phytoplankton
2026-08-10 15:16:31 [INFO] Generated report and rebuilt archive index: E:\工作台\literature-radar\reports\weekly_report_2026-08-10.md
2026-08-10 15:16:32 [INFO] Email sent successfully
2026-08-10 15:16:32 [INFO] Run completed; GitHub Actions will commit generated files
2026-08-10 15:57:15 [INFO] Starting literature run for [2026-08-03, 2026-08-10)
2026-08-10 15:57:15 [INFO] Querying OpenAlex: Nature page 1
2026-08-10 15:57:18 [WARNING] OpenAlex attempt 1/3 failed: SSLError
2026-08-10 15:57:26 [INFO] Querying OpenAlex: Nature page 2
2026-08-10 15:57:27 [INFO] Retrieved 74 dated works from Nature
2026-08-10 15:57:27 [INFO] Querying OpenAlex: Nature Energy page 1
2026-08-10 15:57:29 [INFO] Retrieved 2 dated works from Nature Energy
2026-08-10 15:57:29 [INFO] Querying OpenAlex: Nature Catalysis page 1
2026-08-10 15:57:31 [INFO] Retrieved 4 dated works from Nature Catalysis
2026-08-10 15:57:31 [INFO] Querying OpenAlex: Nature Sustainability page 1
2026-08-10 15:57:32 [INFO] Retrieved 3 dated works from Nature Sustainability
2026-08-10 15:57:32 [INFO] Querying OpenAlex: Nature Materials page 1
2026-08-10 15:57:33 [INFO] Retrieved 6 dated works from Nature Materials
2026-08-10 15:57:33 [INFO] Querying OpenAlex: Nature Nanotechnology page 1
2026-08-10 15:57:34 [INFO] Retrieved 8 dated works from Nature Nanotechnology
2026-08-10 15:57:34 [INFO] Querying OpenAlex: Nature Chemistry page 1
2026-08-10 15:57:35 [INFO] Retrieved 0 dated works from Nature Chemistry
2026-08-10 15:57:35 [INFO] Querying OpenAlex: Nature Chemical Biology page 1
2026-08-10 15:57:36 [INFO] Retrieved 6 dated works from Nature Chemical Biology
2026-08-10 15:57:36 [INFO] Querying OpenAlex: Nature Communications page 1
2026-08-10 15:57:40 [INFO] Querying OpenAlex: Nature Communications page 2
2026-08-10 15:57:45 [INFO] Querying OpenAlex: Nature Communications page 3
2026-08-10 15:57:48 [INFO] Querying OpenAlex: Nature Communications page 4
2026-08-10 15:57:52 [INFO] Querying OpenAlex: Nature Communications page 5
2026-08-10 15:57:56 [INFO] Querying OpenAlex: Nature Communications page 6
2026-08-10 15:57:57 [INFO] Retrieved 253 dated works from Nature Communications
2026-08-10 15:57:57 [INFO] Querying OpenAlex: Nature Plants page 1
2026-08-10 15:57:58 [INFO] Retrieved 5 dated works from Nature Plants
2026-08-10 15:57:58 [INFO] Querying OpenAlex: Nature Reviews Clean Technology page 1
2026-08-10 15:57:58 [INFO] Retrieved 0 dated works from Nature Reviews Clean Technology
2026-08-10 15:57:58 [INFO] Querying OpenAlex: Nature Water page 1
2026-08-10 15:57:59 [INFO] Retrieved 1 dated works from Nature Water
2026-08-10 15:57:59 [INFO] Querying OpenAlex: Science page 1
2026-08-10 15:58:01 [INFO] Retrieved 34 dated works from Science
2026-08-10 15:58:01 [INFO] Querying OpenAlex: Science Advances page 1
2026-08-10 15:58:05 [INFO] Querying OpenAlex: Science Advances page 2
2026-08-10 15:58:08 [INFO] Retrieved 86 dated works from Science Advances
2026-08-10 15:58:08 [INFO] Querying OpenAlex: Science Translational Medicine page 1
2026-08-10 15:58:09 [INFO] Retrieved 9 dated works from Science Translational Medicine
2026-08-10 15:58:09 [INFO] Querying OpenAlex: Cell page 1
2026-08-10 15:58:10 [INFO] Retrieved 0 dated works from Cell
2026-08-10 15:58:10 [INFO] Querying OpenAlex: Joule page 1
2026-08-10 15:58:12 [INFO] Retrieved 0 dated works from Joule
2026-08-10 15:58:12 [INFO] Querying OpenAlex: Chem page 1
2026-08-10 15:58:12 [INFO] Retrieved 0 dated works from Chem
2026-08-10 15:58:12 [INFO] Querying OpenAlex: Chem Catalysis page 1
2026-08-10 15:58:13 [INFO] Retrieved 0 dated works from Chem Catalysis
2026-08-10 15:58:13 [INFO] Querying OpenAlex: Matter page 1
2026-08-10 15:58:13 [INFO] Retrieved 0 dated works from Matter
2026-08-10 15:58:13 [INFO] Querying OpenAlex: One Earth page 1
2026-08-10 15:58:14 [INFO] Retrieved 0 dated works from One Earth
2026-08-10 15:58:14 [INFO] Querying OpenAlex: Renewable and Sustainable Energy Reviews page 1
2026-08-10 15:58:15 [INFO] Retrieved 27 dated works from Renewable and Sustainable Energy Reviews
2026-08-10 15:58:15 [INFO] Querying OpenAlex: Chemical Engineering Journal page 1
2026-08-10 15:58:19 [INFO] Querying OpenAlex: Chemical Engineering Journal page 2
2026-08-10 15:58:21 [INFO] Retrieved 77 dated works from Chemical Engineering Journal
2026-08-10 15:58:21 [INFO] Querying OpenAlex: Bioresource Technology page 1
2026-08-10 15:58:22 [INFO] Retrieved 11 dated works from Bioresource Technology
2026-08-10 15:58:22 [INFO] Querying OpenAlex: Journal of Cleaner Production page 1
2026-08-10 15:58:23 [INFO] Retrieved 0 dated works from Journal of Cleaner Production
2026-08-10 15:58:23 [INFO] Querying OpenAlex: Energy page 1
2026-08-10 15:58:26 [INFO] Retrieved 23 dated works from Energy
2026-08-10 15:58:26 [INFO] Querying OpenAlex: Fuel page 1
2026-08-10 15:58:28 [INFO] Querying OpenAlex: Fuel page 2
2026-08-10 15:58:29 [INFO] Retrieved 59 dated works from Fuel
2026-08-10 15:58:29 [INFO] Querying OpenAlex: Chemosphere page 1
2026-08-10 15:58:31 [INFO] Retrieved 6 dated works from Chemosphere
2026-08-10 15:58:31 [INFO] Querying OpenAlex: Industrial & Engineering Chemistry Research page 1
2026-08-10 15:58:33 [INFO] Retrieved 39 dated works from Industrial & Engineering Chemistry Research
2026-08-10 15:58:33 [INFO] Querying OpenAlex: Energy & Fuels page 1
2026-08-10 15:58:35 [INFO] Retrieved 42 dated works from Energy & Fuels
2026-08-10 15:58:35 [INFO] Querying OpenAlex: Applied Energy page 1
2026-08-10 15:58:37 [INFO] Querying OpenAlex: Applied Energy page 2
2026-08-10 15:58:39 [INFO] Retrieved 66 dated works from Applied Energy
2026-08-10 15:58:39 [INFO] Querying OpenAlex: Green Chemistry page 1
2026-08-10 15:58:40 [INFO] Retrieved 0 dated works from Green Chemistry
2026-08-10 15:58:40 [INFO] Querying OpenAlex: International Journal of Hydrogen Energy page 1
2026-08-10 15:58:41 [INFO] Retrieved 22 dated works from International Journal of Hydrogen Energy
2026-08-10 15:58:41 [INFO] Querying OpenAlex: International Journal of Agricultural and Biological Engineering page 1
2026-08-10 15:58:42 [INFO] Retrieved 0 dated works from International Journal of Agricultural and Biological Engineering
2026-08-10 15:58:42 [INFO] Querying OpenAlex: 农业工程学报 page 1
2026-08-10 15:58:42 [INFO] Retrieved 0 dated works from 农业工程学报
2026-08-10 15:58:42 [INFO] Querying OpenAlex: Biochemical Engineering Journal page 1
2026-08-10 15:58:44 [INFO] Retrieved 5 dated works from Biochemical Engineering Journal
2026-08-10 15:58:44 [INFO] Querying OpenAlex: Frontiers in Microbiology page 1
2026-08-10 15:58:48 [INFO] Querying OpenAlex: Frontiers in Microbiology page 2
2026-08-10 15:58:50 [INFO] Retrieved 71 dated works from Frontiers in Microbiology
2026-08-10 15:58:50 [INFO] Keyword filtering retained 9 of 939 works
2026-08-10 15:58:50 [INFO] Historical deduplication retained 9 new papers
2026-08-10 15:58:50 [INFO] History persisted before report delivery
2026-08-10 15:58:51 [INFO] Translated title: Iron/sulfur cycling in pyrite-biochar constructed wetlands enhances PFOA removal, nutrient metabolism and greenhouse gas mitigation
2026-08-10 15:58:53 [INFO] Translated title: Photodegradation process of microplastics mediated by biochar-derived dissolved organic matter: Insights from density functional theory calculations
2026-08-10 15:58:54 [INFO] Translated title: An energy-efficient CO2/pulsating H2O(g) strategy for advancing biochar gasification
2026-08-10 15:58:55 [INFO] Translated title: Influence of metal loading and temperature on methane decomposition and nano-carbon formation over iron catalyst supported by sawdust biochar and alumina
2026-08-10 15:58:56 [INFO] Translated title: Scaled-Up Microwave-Assisted Continuous Pyrolysisfor Mixed Plastic Waste Valorization: Process Design and Techno-EconomicAnalysis toward Technology Industrialization
2026-08-10 15:58:58 [INFO] Translated title: Synergistic Production of Fuel-Grade Bio-Oil and CarbonRich Biochar from Co-Pyrolysis of Spent Coffee Grounds and HDPE: ProcessOptimization Using Response Surface Methodology and Machine Learning
2026-08-10 15:58:59 [INFO] Translated title: Unraveling the effect of olive-mill waste biostimulant particles during photosynthetic biogas upgrading coupled with pigment production
2026-08-10 15:59:00 [INFO] Translated title: Acidogenic fermentation of thermally hydrolyzed organic matter recovered from residual municipal waste: process performance and insights from batch and semi-continuous operation
2026-08-10 15:59:00 [INFO] Translated title: Identification of a membrane transporter for dimethylsulfoniopropionate uptake in marine eukaryotic phytoplankton
2026-08-10 15:59:00 [WARNING] Skipping summary without abstract: Iron/sulfur cycling in pyrite-biochar constructed wetlands enhances PFOA removal, nutrient metabolism and greenhouse gas mitigation
2026-08-10 15:59:00 [WARNING] Skipping summary without abstract: Photodegradation process of microplastics mediated by biochar-derived dissolved organic matter: Insights from density functional theory calculations
2026-08-10 15:59:00 [WARNING] Skipping summary without abstract: An energy-efficient CO2/pulsating H2O(g) strategy for advancing biochar gasification
2026-08-10 15:59:00 [WARNING] Skipping summary without abstract: Influence of metal loading and temperature on methane decomposition and nano-carbon formation over iron catalyst supported by sawdust biochar and alumina
2026-08-10 15:59:05 [INFO] Generated summary: Scaled-Up Microwave-Assisted Continuous Pyrolysisfor Mixed Plastic Waste Valorization: Process Design and Techno-EconomicAnalysis toward Technology Industrialization
2026-08-10 15:59:08 [INFO] Generated summary: Synergistic Production of Fuel-Grade Bio-Oil and CarbonRich Biochar from Co-Pyrolysis of Spent Coffee Grounds and HDPE: ProcessOptimization Using Response Surface Methodology and Machine Learning
2026-08-10 15:59:12 [INFO] Generated summary: Unraveling the effect of olive-mill waste biostimulant particles during photosynthetic biogas upgrading coupled with pigment production
2026-08-10 15:59:16 [INFO] Generated summary: Acidogenic fermentation of thermally hydrolyzed organic matter recovered from residual municipal waste: process performance and insights from batch and semi-continuous operation
2026-08-10 15:59:20 [INFO] Generated summary: Identification of a membrane transporter for dimethylsulfoniopropionate uptake in marine eukaryotic phytoplankton
2026-08-10 15:59:20 [INFO] Generated report and rebuilt archive index: E:\工作台\literature-radar\reports\weekly_report_2026-08-10.md
2026-08-10 15:59:21 [INFO] Email sent successfully
2026-08-10 15:59:21 [INFO] Run completed; GitHub Actions will commit generated files
2026-08-10 16:45:32 [INFO] Starting literature run for [2026-08-03, 2026-08-10)
2026-08-10 16:45:32 [INFO] Querying OpenAlex: Nature page 1
2026-08-10 16:45:35 [INFO] Querying OpenAlex: Nature page 2
2026-08-10 16:45:36 [INFO] Retrieved 74 dated works from Nature
2026-08-10 16:45:36 [INFO] Querying OpenAlex: Nature Energy page 1
2026-08-10 16:45:37 [INFO] Retrieved 2 dated works from Nature Energy
2026-08-10 16:45:37 [INFO] Querying OpenAlex: Nature Catalysis page 1
2026-08-10 16:45:37 [INFO] Retrieved 4 dated works from Nature Catalysis
2026-08-10 16:45:37 [INFO] Querying OpenAlex: Nature Sustainability page 1
2026-08-10 16:45:38 [INFO] Retrieved 3 dated works from Nature Sustainability
2026-08-10 16:45:38 [INFO] Querying OpenAlex: Nature Materials page 1
2026-08-10 16:45:39 [INFO] Retrieved 6 dated works from Nature Materials
2026-08-10 16:45:39 [INFO] Querying OpenAlex: Nature Nanotechnology page 1
2026-08-10 16:45:42 [INFO] Retrieved 8 dated works from Nature Nanotechnology
2026-08-10 16:45:42 [INFO] Querying OpenAlex: Nature Chemistry page 1
2026-08-10 16:45:42 [INFO] Retrieved 0 dated works from Nature Chemistry
2026-08-10 16:45:42 [INFO] Querying OpenAlex: Nature Chemical Biology page 1
2026-08-10 16:45:43 [INFO] Retrieved 6 dated works from Nature Chemical Biology
2026-08-10 16:45:43 [INFO] Querying OpenAlex: Nature Communications page 1
2026-08-10 16:45:45 [INFO] Querying OpenAlex: Nature Communications page 2
2026-08-10 16:45:47 [INFO] Querying OpenAlex: Nature Communications page 3
2026-08-10 16:45:49 [INFO] Querying OpenAlex: Nature Communications page 4
2026-08-10 16:45:51 [INFO] Querying OpenAlex: Nature Communications page 5
2026-08-10 16:45:53 [INFO] Querying OpenAlex: Nature Communications page 6
2026-08-10 16:45:55 [INFO] Retrieved 256 dated works from Nature Communications
2026-08-10 16:45:55 [INFO] Querying OpenAlex: Nature Plants page 1
2026-08-10 16:45:56 [INFO] Retrieved 5 dated works from Nature Plants
2026-08-10 16:45:56 [INFO] Querying OpenAlex: Nature Reviews Clean Technology page 1
2026-08-10 16:45:57 [INFO] Retrieved 0 dated works from Nature Reviews Clean Technology
2026-08-10 16:45:57 [INFO] Querying OpenAlex: Nature Water page 1
2026-08-10 16:45:57 [INFO] Retrieved 1 dated works from Nature Water
2026-08-10 16:45:57 [INFO] Querying OpenAlex: Science page 1
2026-08-10 16:46:00 [INFO] Retrieved 34 dated works from Science
2026-08-10 16:46:00 [INFO] Querying OpenAlex: Science Advances page 1
2026-08-10 16:46:02 [INFO] Querying OpenAlex: Science Advances page 2
2026-08-10 16:46:04 [INFO] Retrieved 86 dated works from Science Advances
2026-08-10 16:46:04 [INFO] Querying OpenAlex: Science Translational Medicine page 1
2026-08-10 16:46:05 [INFO] Retrieved 9 dated works from Science Translational Medicine
2026-08-10 16:46:05 [INFO] Querying OpenAlex: Cell page 1
2026-08-10 16:46:06 [INFO] Retrieved 0 dated works from Cell
2026-08-10 16:46:06 [INFO] Querying OpenAlex: Joule page 1
2026-08-10 16:46:06 [INFO] Retrieved 0 dated works from Joule
2026-08-10 16:46:06 [INFO] Querying OpenAlex: Chem page 1
2026-08-10 16:46:07 [INFO] Retrieved 0 dated works from Chem
2026-08-10 16:46:07 [INFO] Querying OpenAlex: Chem Catalysis page 1
2026-08-10 16:46:07 [INFO] Retrieved 0 dated works from Chem Catalysis
2026-08-10 16:46:07 [INFO] Querying OpenAlex: Matter page 1
2026-08-10 16:46:08 [INFO] Retrieved 0 dated works from Matter
2026-08-10 16:46:08 [INFO] Querying OpenAlex: One Earth page 1
2026-08-10 16:46:08 [INFO] Retrieved 0 dated works from One Earth
2026-08-10 16:46:08 [INFO] Querying OpenAlex: Renewable and Sustainable Energy Reviews page 1
2026-08-10 16:46:10 [INFO] Retrieved 27 dated works from Renewable and Sustainable Energy Reviews
2026-08-10 16:46:10 [INFO] Querying OpenAlex: Chemical Engineering Journal page 1
2026-08-10 16:46:11 [INFO] Querying OpenAlex: Chemical Engineering Journal page 2
2026-08-10 16:46:12 [INFO] Retrieved 77 dated works from Chemical Engineering Journal
2026-08-10 16:46:12 [INFO] Querying OpenAlex: Bioresource Technology page 1
2026-08-10 16:46:13 [INFO] Retrieved 11 dated works from Bioresource Technology
2026-08-10 16:46:13 [INFO] Querying OpenAlex: Journal of Cleaner Production page 1
2026-08-10 16:46:14 [INFO] Retrieved 0 dated works from Journal of Cleaner Production
2026-08-10 16:46:14 [INFO] Querying OpenAlex: Energy page 1
2026-08-10 16:46:15 [INFO] Retrieved 23 dated works from Energy
2026-08-10 16:46:15 [INFO] Querying OpenAlex: Fuel page 1
2026-08-10 16:46:16 [INFO] Querying OpenAlex: Fuel page 2
2026-08-10 16:46:17 [INFO] Retrieved 59 dated works from Fuel
2026-08-10 16:46:17 [INFO] Querying OpenAlex: Chemosphere page 1
2026-08-10 16:46:18 [INFO] Retrieved 6 dated works from Chemosphere
2026-08-10 16:46:18 [INFO] Querying OpenAlex: Industrial & Engineering Chemistry Research page 1
2026-08-10 16:46:20 [INFO] Retrieved 39 dated works from Industrial & Engineering Chemistry Research
2026-08-10 16:46:20 [INFO] Querying OpenAlex: Energy & Fuels page 1
2026-08-10 16:46:22 [INFO] Retrieved 42 dated works from Energy & Fuels
2026-08-10 16:46:22 [INFO] Querying OpenAlex: Applied Energy page 1
2026-08-10 16:46:22 [INFO] Querying OpenAlex: Applied Energy page 2
2026-08-10 16:46:24 [INFO] Retrieved 66 dated works from Applied Energy
2026-08-10 16:46:24 [INFO] Querying OpenAlex: Green Chemistry page 1
2026-08-10 16:46:25 [INFO] Retrieved 0 dated works from Green Chemistry
2026-08-10 16:46:25 [INFO] Querying OpenAlex: International Journal of Hydrogen Energy page 1
2026-08-10 16:46:26 [INFO] Retrieved 22 dated works from International Journal of Hydrogen Energy
2026-08-10 16:46:26 [INFO] Querying OpenAlex: International Journal of Agricultural and Biological Engineering page 1
2026-08-10 16:46:26 [INFO] Retrieved 0 dated works from International Journal of Agricultural and Biological Engineering
2026-08-10 16:46:26 [INFO] Querying OpenAlex: 农业工程学报 page 1
2026-08-10 16:46:27 [INFO] Retrieved 0 dated works from 农业工程学报
2026-08-10 16:46:27 [INFO] Querying OpenAlex: Biochemical Engineering Journal page 1
2026-08-10 16:46:28 [INFO] Retrieved 5 dated works from Biochemical Engineering Journal
2026-08-10 16:46:28 [INFO] Querying OpenAlex: Frontiers in Microbiology page 1
2026-08-10 16:46:30 [INFO] Querying OpenAlex: Frontiers in Microbiology page 2
2026-08-10 16:46:31 [INFO] Retrieved 71 dated works from Frontiers in Microbiology
2026-08-10 16:46:31 [INFO] Keyword filtering retained 9 of 942 works
2026-08-10 16:46:31 [INFO] Historical deduplication retained 9 new papers
2026-08-10 16:46:31 [INFO] History persisted before report delivery
2026-08-10 16:46:32 [INFO] Translated title: Iron/sulfur cycling in pyrite-biochar constructed wetlands enhances PFOA removal, nutrient metabolism and greenhouse gas mitigation
2026-08-10 16:46:32 [INFO] Translated title: Photodegradation process of microplastics mediated by biochar-derived dissolved organic matter: Insights from density functional theory calculations
2026-08-10 16:46:33 [INFO] Translated title: An energy-efficient CO2/pulsating H2O(g) strategy for advancing biochar gasification
2026-08-10 16:46:34 [INFO] Translated title: Influence of metal loading and temperature on methane decomposition and nano-carbon formation over iron catalyst supported by sawdust biochar and alumina
2026-08-10 16:46:34 [INFO] Translated title: Scaled-Up Microwave-Assisted Continuous Pyrolysisfor Mixed Plastic Waste Valorization: Process Design and Techno-EconomicAnalysis toward Technology Industrialization
2026-08-10 16:46:35 [INFO] Translated title: Synergistic Production of Fuel-Grade Bio-Oil and CarbonRich Biochar from Co-Pyrolysis of Spent Coffee Grounds and HDPE: ProcessOptimization Using Response Surface Methodology and Machine Learning
2026-08-10 16:46:35 [INFO] Translated title: Unraveling the effect of olive-mill waste biostimulant particles during photosynthetic biogas upgrading coupled with pigment production
2026-08-10 16:46:36 [INFO] Translated title: Acidogenic fermentation of thermally hydrolyzed organic matter recovered from residual municipal waste: process performance and insights from batch and semi-continuous operation
2026-08-10 16:46:37 [INFO] Translated title: Identification of a membrane transporter for dimethylsulfoniopropionate uptake in marine eukaryotic phytoplankton
2026-08-10 16:46:37 [WARNING] Skipping summary without abstract: Iron/sulfur cycling in pyrite-biochar constructed wetlands enhances PFOA removal, nutrient metabolism and greenhouse gas mitigation
2026-08-10 16:46:37 [WARNING] Skipping summary without abstract: Photodegradation process of microplastics mediated by biochar-derived dissolved organic matter: Insights from density functional theory calculations
2026-08-10 16:46:37 [WARNING] Skipping summary without abstract: An energy-efficient CO2/pulsating H2O(g) strategy for advancing biochar gasification
2026-08-10 16:46:37 [WARNING] Skipping summary without abstract: Influence of metal loading and temperature on methane decomposition and nano-carbon formation over iron catalyst supported by sawdust biochar and alumina
2026-08-10 16:46:41 [INFO] Generated summary: Scaled-Up Microwave-Assisted Continuous Pyrolysisfor Mixed Plastic Waste Valorization: Process Design and Techno-EconomicAnalysis toward Technology Industrialization
2026-08-10 16:46:44 [INFO] Generated summary: Synergistic Production of Fuel-Grade Bio-Oil and CarbonRich Biochar from Co-Pyrolysis of Spent Coffee Grounds and HDPE: ProcessOptimization Using Response Surface Methodology and Machine Learning
2026-08-10 16:46:48 [INFO] Generated summary: Unraveling the effect of olive-mill waste biostimulant particles during photosynthetic biogas upgrading coupled with pigment production
2026-08-10 16:46:51 [INFO] Generated summary: Acidogenic fermentation of thermally hydrolyzed organic matter recovered from residual municipal waste: process performance and insights from batch and semi-continuous operation
2026-08-10 16:46:55 [INFO] Generated summary: Identification of a membrane transporter for dimethylsulfoniopropionate uptake in marine eukaryotic phytoplankton
2026-08-10 16:46:55 [INFO] Generated report and rebuilt archive index: E:\工作台\literature-radar\reports\weekly_report_2026-08-10.md
2026-08-10 16:46:56 [INFO] Email sent successfully
2026-08-10 16:46:56 [INFO] Run completed; GitHub Actions will commit generated files
2026-08-10 16:59:56 [INFO] Starting literature run for [2026-08-03, 2026-08-10)
2026-08-10 16:59:56 [INFO] Querying OpenAlex: Nature page 1
2026-08-10 17:00:00 [INFO] Querying OpenAlex: Nature page 2
2026-08-10 17:00:02 [INFO] Retrieved 74 dated works from Nature
2026-08-10 17:00:02 [INFO] Querying OpenAlex: Nature Energy page 1
2026-08-10 17:00:03 [INFO] Retrieved 2 dated works from Nature Energy
2026-08-10 17:00:03 [INFO] Querying OpenAlex: Nature Catalysis page 1
2026-08-10 17:00:05 [INFO] Retrieved 4 dated works from Nature Catalysis
2026-08-10 17:00:05 [INFO] Querying OpenAlex: Nature Sustainability page 1
2026-08-10 17:00:09 [INFO] Retrieved 3 dated works from Nature Sustainability
2026-08-10 17:00:09 [INFO] Querying OpenAlex: Nature Materials page 1
2026-08-10 17:00:10 [INFO] Retrieved 6 dated works from Nature Materials
2026-08-10 17:00:10 [INFO] Querying OpenAlex: Nature Nanotechnology page 1
2026-08-10 17:00:12 [INFO] Retrieved 8 dated works from Nature Nanotechnology
2026-08-10 17:00:12 [INFO] Querying OpenAlex: Nature Chemistry page 1
2026-08-10 17:00:12 [INFO] Retrieved 0 dated works from Nature Chemistry
2026-08-10 17:00:12 [INFO] Querying OpenAlex: Nature Chemical Biology page 1
2026-08-10 17:00:14 [INFO] Retrieved 6 dated works from Nature Chemical Biology
2026-08-10 17:00:14 [INFO] Querying OpenAlex: Nature Communications page 1
2026-08-10 17:00:17 [INFO] Querying OpenAlex: Nature Communications page 2
2026-08-10 17:00:18 [INFO] Querying OpenAlex: Nature Communications page 3
2026-08-10 17:00:20 [INFO] Querying OpenAlex: Nature Communications page 4
2026-08-10 17:00:23 [INFO] Querying OpenAlex: Nature Communications page 5
2026-08-10 17:00:26 [INFO] Querying OpenAlex: Nature Communications page 6
2026-08-10 17:00:27 [INFO] Retrieved 256 dated works from Nature Communications
2026-08-10 17:00:27 [INFO] Querying OpenAlex: Nature Plants page 1
2026-08-10 17:00:29 [INFO] Retrieved 5 dated works from Nature Plants
2026-08-10 17:00:29 [INFO] Querying OpenAlex: Nature Reviews Clean Technology page 1
2026-08-10 17:00:29 [INFO] Retrieved 0 dated works from Nature Reviews Clean Technology
2026-08-10 17:00:29 [INFO] Querying OpenAlex: Nature Water page 1
2026-08-10 17:00:30 [INFO] Retrieved 1 dated works from Nature Water
2026-08-10 17:00:30 [INFO] Querying OpenAlex: Science page 1
2026-08-10 17:00:33 [INFO] Retrieved 34 dated works from Science
2026-08-10 17:00:33 [INFO] Querying OpenAlex: Science Advances page 1
2026-08-10 17:00:36 [INFO] Querying OpenAlex: Science Advances page 2
2026-08-10 17:00:40 [INFO] Retrieved 86 dated works from Science Advances
2026-08-10 17:00:40 [INFO] Querying OpenAlex: Science Translational Medicine page 1
2026-08-10 17:00:42 [INFO] Retrieved 9 dated works from Science Translational Medicine
2026-08-10 17:00:42 [INFO] Querying OpenAlex: Cell page 1
2026-08-10 17:00:42 [INFO] Retrieved 0 dated works from Cell
2026-08-10 17:00:42 [INFO] Querying OpenAlex: Joule page 1
2026-08-10 17:00:43 [INFO] Retrieved 0 dated works from Joule
2026-08-10 17:00:43 [INFO] Querying OpenAlex: Chem page 1
2026-08-10 17:00:44 [INFO] Retrieved 0 dated works from Chem
2026-08-10 17:00:44 [INFO] Querying OpenAlex: Chem Catalysis page 1
2026-08-10 17:00:44 [INFO] Retrieved 0 dated works from Chem Catalysis
2026-08-10 17:00:44 [INFO] Querying OpenAlex: Matter page 1
2026-08-10 17:00:45 [INFO] Retrieved 0 dated works from Matter
2026-08-10 17:00:45 [INFO] Querying OpenAlex: One Earth page 1
2026-08-10 17:00:46 [INFO] Retrieved 0 dated works from One Earth
2026-08-10 17:00:46 [INFO] Querying OpenAlex: Renewable and Sustainable Energy Reviews page 1
2026-08-10 17:00:48 [INFO] Retrieved 27 dated works from Renewable and Sustainable Energy Reviews
2026-08-10 17:00:48 [INFO] Querying OpenAlex: Chemical Engineering Journal page 1
2026-08-10 17:00:50 [INFO] Querying OpenAlex: Chemical Engineering Journal page 2
2026-08-10 17:00:52 [INFO] Retrieved 77 dated works from Chemical Engineering Journal
2026-08-10 17:00:52 [INFO] Querying OpenAlex: Bioresource Technology page 1
2026-08-10 17:00:53 [INFO] Retrieved 11 dated works from Bioresource Technology
2026-08-10 17:00:53 [INFO] Querying OpenAlex: Journal of Cleaner Production page 1
2026-08-10 17:00:53 [INFO] Retrieved 0 dated works from Journal of Cleaner Production
2026-08-10 17:00:53 [INFO] Querying OpenAlex: Energy page 1
2026-08-10 17:00:55 [INFO] Retrieved 23 dated works from Energy
2026-08-10 17:00:55 [INFO] Querying OpenAlex: Fuel page 1
2026-08-10 17:00:57 [INFO] Querying OpenAlex: Fuel page 2
2026-08-10 17:01:01 [INFO] Retrieved 60 dated works from Fuel
2026-08-10 17:01:01 [INFO] Querying OpenAlex: Chemosphere page 1
2026-08-10 17:01:02 [INFO] Retrieved 6 dated works from Chemosphere
2026-08-10 17:01:02 [INFO] Querying OpenAlex: Industrial & Engineering Chemistry Research page 1
2026-08-10 17:01:04 [INFO] Retrieved 39 dated works from Industrial & Engineering Chemistry Research
2026-08-10 17:01:04 [INFO] Querying OpenAlex: Energy & Fuels page 1
2026-08-10 17:01:06 [INFO] Retrieved 44 dated works from Energy & Fuels
2026-08-10 17:01:06 [INFO] Querying OpenAlex: Applied Energy page 1
2026-08-10 17:01:08 [INFO] Querying OpenAlex: Applied Energy page 2
2026-08-10 17:01:09 [INFO] Retrieved 66 dated works from Applied Energy
2026-08-10 17:01:09 [INFO] Querying OpenAlex: Green Chemistry page 1
2026-08-10 17:01:09 [INFO] Retrieved 0 dated works from Green Chemistry
2026-08-10 17:01:09 [INFO] Querying OpenAlex: International Journal of Hydrogen Energy page 1
2026-08-10 17:01:10 [INFO] Retrieved 23 dated works from International Journal of Hydrogen Energy
2026-08-10 17:01:10 [INFO] Querying OpenAlex: International Journal of Agricultural and Biological Engineering page 1
2026-08-10 17:01:11 [INFO] Retrieved 0 dated works from International Journal of Agricultural and Biological Engineering
2026-08-10 17:01:11 [INFO] Querying OpenAlex: 农业工程学报 page 1
2026-08-10 17:01:12 [INFO] Retrieved 0 dated works from 农业工程学报
2026-08-10 17:01:12 [INFO] Querying OpenAlex: Biochemical Engineering Journal page 1
2026-08-10 17:01:13 [INFO] Retrieved 5 dated works from Biochemical Engineering Journal
2026-08-10 17:01:13 [INFO] Querying OpenAlex: Frontiers in Microbiology page 1
2026-08-10 17:01:15 [INFO] Querying OpenAlex: Frontiers in Microbiology page 2
2026-08-10 17:01:16 [INFO] Retrieved 71 dated works from Frontiers in Microbiology
2026-08-10 17:01:16 [INFO] Keyword filtering retained 9 of 946 works
2026-08-10 17:01:16 [INFO] Historical deduplication retained 9 new papers
2026-08-10 17:01:16 [INFO] History persisted before report delivery
2026-08-10 17:01:17 [INFO] Translated title: Iron/sulfur cycling in pyrite-biochar constructed wetlands enhances PFOA removal, nutrient metabolism and greenhouse gas mitigation
2026-08-10 17:01:18 [INFO] Translated title: Photodegradation process of microplastics mediated by biochar-derived dissolved organic matter: Insights from density functional theory calculations
2026-08-10 17:01:19 [INFO] Translated title: An energy-efficient CO2/pulsating H2O(g) strategy for advancing biochar gasification
2026-08-10 17:01:20 [INFO] Translated title: Influence of metal loading and temperature on methane decomposition and nano-carbon formation over iron catalyst supported by sawdust biochar and alumina
2026-08-10 17:01:21 [INFO] Translated title: Scaled-Up Microwave-Assisted Continuous Pyrolysisfor Mixed Plastic Waste Valorization: Process Design and Techno-EconomicAnalysis toward Technology Industrialization
2026-08-10 17:01:21 [INFO] Translated title: Synergistic Production of Fuel-Grade Bio-Oil and CarbonRich Biochar from Co-Pyrolysis of Spent Coffee Grounds and HDPE: ProcessOptimization Using Response Surface Methodology and Machine Learning
2026-08-10 17:01:22 [INFO] Translated title: Unraveling the effect of olive-mill waste biostimulant particles during photosynthetic biogas upgrading coupled with pigment production
2026-08-10 17:01:23 [INFO] Translated title: Acidogenic fermentation of thermally hydrolyzed organic matter recovered from residual municipal waste: process performance and insights from batch and semi-continuous operation
2026-08-10 17:01:24 [INFO] Translated title: Identification of a membrane transporter for dimethylsulfoniopropionate uptake in marine eukaryotic phytoplankton
2026-08-10 17:01:24 [WARNING] Skipping summary without abstract: Iron/sulfur cycling in pyrite-biochar constructed wetlands enhances PFOA removal, nutrient metabolism and greenhouse gas mitigation
2026-08-10 17:01:24 [WARNING] Skipping summary without abstract: Photodegradation process of microplastics mediated by biochar-derived dissolved organic matter: Insights from density functional theory calculations
2026-08-10 17:01:24 [WARNING] Skipping summary without abstract: An energy-efficient CO2/pulsating H2O(g) strategy for advancing biochar gasification
2026-08-10 17:01:24 [WARNING] Skipping summary without abstract: Influence of metal loading and temperature on methane decomposition and nano-carbon formation over iron catalyst supported by sawdust biochar and alumina
2026-08-10 17:01:29 [INFO] Generated summary: Scaled-Up Microwave-Assisted Continuous Pyrolysisfor Mixed Plastic Waste Valorization: Process Design and Techno-EconomicAnalysis toward Technology Industrialization
2026-08-10 17:01:34 [INFO] Generated summary: Synergistic Production of Fuel-Grade Bio-Oil and CarbonRich Biochar from Co-Pyrolysis of Spent Coffee Grounds and HDPE: ProcessOptimization Using Response Surface Methodology and Machine Learning
2026-08-10 17:01:38 [INFO] Generated summary: Unraveling the effect of olive-mill waste biostimulant particles during photosynthetic biogas upgrading coupled with pigment production
2026-08-10 17:01:42 [INFO] Generated summary: Acidogenic fermentation of thermally hydrolyzed organic matter recovered from residual municipal waste: process performance and insights from batch and semi-continuous operation
2026-08-10 17:01:46 [INFO] Generated summary: Identification of a membrane transporter for dimethylsulfoniopropionate uptake in marine eukaryotic phytoplankton
2026-08-10 17:01:46 [INFO] Generated report and rebuilt archive index: E:\工作台\literature-radar\reports\weekly_report_2026-08-10.md
2026-08-10 17:01:47 [INFO] Email sent successfully
2026-08-10 17:01:47 [INFO] Run completed; GitHub Actions will commit generated files
2026-08-10 17:06:40 [INFO] Starting literature run for [2026-08-03, 2026-08-10)
2026-08-10 17:06:40 [INFO] Querying OpenAlex: Nature page 1
2026-08-10 17:06:44 [INFO] Querying OpenAlex: Nature page 2
2026-08-10 17:06:46 [INFO] Retrieved 74 dated works from Nature
2026-08-10 17:06:46 [INFO] Querying OpenAlex: Nature Energy page 1
2026-08-10 17:06:47 [INFO] Retrieved 2 dated works from Nature Energy
2026-08-10 17:06:47 [INFO] Querying OpenAlex: Nature Catalysis page 1
2026-08-10 17:06:49 [INFO] Retrieved 4 dated works from Nature Catalysis
2026-08-10 17:06:49 [INFO] Querying OpenAlex: Nature Sustainability page 1
2026-08-10 17:06:50 [INFO] Retrieved 3 dated works from Nature Sustainability
2026-08-10 17:06:50 [INFO] Querying OpenAlex: Nature Materials page 1
2026-08-10 17:06:53 [INFO] Retrieved 6 dated works from Nature Materials
2026-08-10 17:06:53 [INFO] Querying OpenAlex: Nature Nanotechnology page 1
2026-08-10 17:06:55 [INFO] Retrieved 8 dated works from Nature Nanotechnology
2026-08-10 17:06:55 [INFO] Querying OpenAlex: Nature Chemistry page 1
2026-08-10 17:06:56 [INFO] Retrieved 0 dated works from Nature Chemistry
2026-08-10 17:06:56 [INFO] Querying OpenAlex: Nature Chemical Biology page 1
2026-08-10 17:06:58 [INFO] Retrieved 6 dated works from Nature Chemical Biology
2026-08-10 17:06:58 [INFO] Querying OpenAlex: Nature Communications page 1
2026-08-10 17:07:01 [INFO] Querying OpenAlex: Nature Communications page 2
2026-08-10 17:07:03 [INFO] Querying OpenAlex: Nature Communications page 3
2026-08-10 17:07:07 [INFO] Querying OpenAlex: Nature Communications page 4
2026-08-10 17:07:09 [INFO] Querying OpenAlex: Nature Communications page 5
2026-08-10 17:07:12 [INFO] Querying OpenAlex: Nature Communications page 6
2026-08-10 17:07:13 [INFO] Retrieved 256 dated works from Nature Communications
2026-08-10 17:07:13 [INFO] Querying OpenAlex: Nature Plants page 1
2026-08-10 17:07:14 [INFO] Retrieved 5 dated works from Nature Plants
2026-08-10 17:07:14 [INFO] Querying OpenAlex: Nature Reviews Clean Technology page 1
2026-08-10 17:07:15 [INFO] Retrieved 0 dated works from Nature Reviews Clean Technology
2026-08-10 17:07:15 [INFO] Querying OpenAlex: Nature Water page 1
2026-08-10 17:07:16 [INFO] Retrieved 1 dated works from Nature Water
2026-08-10 17:07:16 [INFO] Querying OpenAlex: Science page 1
2026-08-10 17:07:17 [INFO] Retrieved 34 dated works from Science
2026-08-10 17:07:17 [INFO] Querying OpenAlex: Science Advances page 1
2026-08-10 17:07:21 [INFO] Querying OpenAlex: Science Advances page 2
2026-08-10 17:07:23 [INFO] Retrieved 86 dated works from Science Advances
2026-08-10 17:07:23 [INFO] Querying OpenAlex: Science Translational Medicine page 1
2026-08-10 17:07:24 [INFO] Retrieved 9 dated works from Science Translational Medicine
2026-08-10 17:07:24 [INFO] Querying OpenAlex: Cell page 1
2026-08-10 17:07:25 [INFO] Retrieved 0 dated works from Cell
2026-08-10 17:07:25 [INFO] Querying OpenAlex: Joule page 1
2026-08-10 17:07:25 [INFO] Retrieved 0 dated works from Joule
2026-08-10 17:07:25 [INFO] Querying OpenAlex: Chem page 1
2026-08-10 17:07:26 [INFO] Retrieved 0 dated works from Chem
2026-08-10 17:07:26 [INFO] Querying OpenAlex: Chem Catalysis page 1
2026-08-10 17:07:27 [INFO] Retrieved 0 dated works from Chem Catalysis
2026-08-10 17:07:27 [INFO] Querying OpenAlex: Matter page 1
2026-08-10 17:07:27 [INFO] Retrieved 0 dated works from Matter
2026-08-10 17:07:27 [INFO] Querying OpenAlex: One Earth page 1
2026-08-10 17:07:28 [INFO] Retrieved 0 dated works from One Earth
2026-08-10 17:07:28 [INFO] Querying OpenAlex: Renewable and Sustainable Energy Reviews page 1
2026-08-10 17:07:30 [INFO] Retrieved 27 dated works from Renewable and Sustainable Energy Reviews
2026-08-10 17:07:30 [INFO] Querying OpenAlex: Chemical Engineering Journal page 1
2026-08-10 17:07:31 [INFO] Querying OpenAlex: Chemical Engineering Journal page 2
2026-08-10 17:07:34 [INFO] Retrieved 77 dated works from Chemical Engineering Journal
2026-08-10 17:07:34 [INFO] Querying OpenAlex: Bioresource Technology page 1
2026-08-10 17:07:38 [INFO] Retrieved 11 dated works from Bioresource Technology
2026-08-10 17:07:38 [INFO] Querying OpenAlex: Journal of Cleaner Production page 1
2026-08-10 17:07:39 [INFO] Retrieved 0 dated works from Journal of Cleaner Production
2026-08-10 17:07:39 [INFO] Querying OpenAlex: Energy page 1
2026-08-10 17:07:40 [INFO] Retrieved 23 dated works from Energy
2026-08-10 17:07:40 [INFO] Querying OpenAlex: Fuel page 1
2026-08-10 17:07:42 [INFO] Querying OpenAlex: Fuel page 2
2026-08-10 17:07:43 [INFO] Retrieved 60 dated works from Fuel
2026-08-10 17:07:43 [INFO] Querying OpenAlex: Chemosphere page 1
2026-08-10 17:07:44 [INFO] Retrieved 6 dated works from Chemosphere
2026-08-10 17:07:44 [INFO] Querying OpenAlex: Industrial & Engineering Chemistry Research page 1
2026-08-10 17:07:46 [INFO] Retrieved 39 dated works from Industrial & Engineering Chemistry Research
2026-08-10 17:07:46 [INFO] Querying OpenAlex: Energy & Fuels page 1
2026-08-10 17:07:49 [INFO] Retrieved 44 dated works from Energy & Fuels
2026-08-10 17:07:49 [INFO] Querying OpenAlex: Applied Energy page 1
2026-08-10 17:07:51 [INFO] Querying OpenAlex: Applied Energy page 2
2026-08-10 17:07:53 [INFO] Retrieved 66 dated works from Applied Energy
2026-08-10 17:07:53 [INFO] Querying OpenAlex: Green Chemistry page 1
2026-08-10 17:07:54 [INFO] Retrieved 0 dated works from Green Chemistry
2026-08-10 17:07:54 [INFO] Querying OpenAlex: International Journal of Hydrogen Energy page 1
2026-08-10 17:07:55 [INFO] Retrieved 23 dated works from International Journal of Hydrogen Energy
2026-08-10 17:07:55 [INFO] Querying OpenAlex: International Journal of Agricultural and Biological Engineering page 1
2026-08-10 17:07:56 [INFO] Retrieved 0 dated works from International Journal of Agricultural and Biological Engineering
2026-08-10 17:07:56 [INFO] Querying OpenAlex: 农业工程学报 page 1
2026-08-10 17:07:56 [INFO] Retrieved 0 dated works from 农业工程学报
2026-08-10 17:07:56 [INFO] Querying OpenAlex: Biochemical Engineering Journal page 1
2026-08-10 17:07:57 [INFO] Retrieved 5 dated works from Biochemical Engineering Journal
2026-08-10 17:07:57 [INFO] Querying OpenAlex: Frontiers in Microbiology page 1
2026-08-10 17:07:59 [INFO] Querying OpenAlex: Frontiers in Microbiology page 2
2026-08-10 17:08:01 [INFO] Retrieved 71 dated works from Frontiers in Microbiology
2026-08-10 17:08:01 [INFO] Keyword filtering retained 9 of 946 works
2026-08-10 17:08:01 [INFO] Historical deduplication retained 9 new papers
2026-08-10 17:08:01 [INFO] History persisted before report delivery
2026-08-10 17:08:01 [INFO] Translated title: Iron/sulfur cycling in pyrite-biochar constructed wetlands enhances PFOA removal, nutrient metabolism and greenhouse gas mitigation
2026-08-10 17:08:02 [INFO] Translated title: Photodegradation process of microplastics mediated by biochar-derived dissolved organic matter: Insights from density functional theory calculations
2026-08-10 17:08:03 [INFO] Translated title: An energy-efficient CO2/pulsating H2O(g) strategy for advancing biochar gasification
2026-08-10 17:08:05 [INFO] Translated title: Influence of metal loading and temperature on methane decomposition and nano-carbon formation over iron catalyst supported by sawdust biochar and alumina
2026-08-10 17:08:05 [INFO] Translated title: Scaled-Up Microwave-Assisted Continuous Pyrolysisfor Mixed Plastic Waste Valorization: Process Design and Techno-EconomicAnalysis toward Technology Industrialization
2026-08-10 17:08:07 [INFO] Translated title: Synergistic Production of Fuel-Grade Bio-Oil and CarbonRich Biochar from Co-Pyrolysis of Spent Coffee Grounds and HDPE: ProcessOptimization Using Response Surface Methodology and Machine Learning
2026-08-10 17:08:09 [INFO] Translated title: Unraveling the effect of olive-mill waste biostimulant particles during photosynthetic biogas upgrading coupled with pigment production
2026-08-10 17:08:09 [INFO] Translated title: Acidogenic fermentation of thermally hydrolyzed organic matter recovered from residual municipal waste: process performance and insights from batch and semi-continuous operation
2026-08-10 17:08:10 [INFO] Translated title: Identification of a membrane transporter for dimethylsulfoniopropionate uptake in marine eukaryotic phytoplankton
2026-08-10 17:08:10 [WARNING] Skipping summary without abstract: Iron/sulfur cycling in pyrite-biochar constructed wetlands enhances PFOA removal, nutrient metabolism and greenhouse gas mitigation
2026-08-10 17:08:10 [WARNING] Skipping summary without abstract: Photodegradation process of microplastics mediated by biochar-derived dissolved organic matter: Insights from density functional theory calculations
2026-08-10 17:08:10 [WARNING] Skipping summary without abstract: An energy-efficient CO2/pulsating H2O(g) strategy for advancing biochar gasification
2026-08-10 17:08:10 [WARNING] Skipping summary without abstract: Influence of metal loading and temperature on methane decomposition and nano-carbon formation over iron catalyst supported by sawdust biochar and alumina
2026-08-10 17:08:16 [INFO] Generated summary: Scaled-Up Microwave-Assisted Continuous Pyrolysisfor Mixed Plastic Waste Valorization: Process Design and Techno-EconomicAnalysis toward Technology Industrialization
2026-08-10 17:08:19 [INFO] Generated summary: Synergistic Production of Fuel-Grade Bio-Oil and CarbonRich Biochar from Co-Pyrolysis of Spent Coffee Grounds and HDPE: ProcessOptimization Using Response Surface Methodology and Machine Learning
2026-08-10 17:08:23 [INFO] Generated summary: Unraveling the effect of olive-mill waste biostimulant particles during photosynthetic biogas upgrading coupled with pigment production
2026-08-10 17:08:26 [INFO] Generated summary: Acidogenic fermentation of thermally hydrolyzed organic matter recovered from residual municipal waste: process performance and insights from batch and semi-continuous operation
2026-08-10 17:08:32 [INFO] Generated summary: Identification of a membrane transporter for dimethylsulfoniopropionate uptake in marine eukaryotic phytoplankton
2026-08-10 17:08:32 [INFO] Generated report and rebuilt archive index: E:\工作台\literature-radar\reports\weekly_report_2026-08-10.md
2026-08-10 17:08:33 [INFO] Email sent successfully
2026-08-10 17:08:33 [INFO] Run completed; GitHub Actions will commit generated files
2026-08-10 17:58:51 [INFO] Starting literature run for [2026-08-03, 2026-08-10)
2026-08-10 17:58:51 [INFO] Querying OpenAlex: Nature page 1
2026-08-10 17:58:53 [INFO] Querying OpenAlex: Nature page 2
2026-08-10 17:58:53 [INFO] Retrieved 74 dated works from Nature
2026-08-10 17:58:53 [INFO] Querying OpenAlex: Nature Energy page 1
2026-08-10 17:58:54 [INFO] Retrieved 2 dated works from Nature Energy
2026-08-10 17:58:54 [INFO] Querying OpenAlex: Nature Catalysis page 1
2026-08-10 17:58:54 [INFO] Retrieved 4 dated works from Nature Catalysis
2026-08-10 17:58:54 [INFO] Querying OpenAlex: Nature Sustainability page 1
2026-08-10 17:58:54 [INFO] Retrieved 3 dated works from Nature Sustainability
2026-08-10 17:58:54 [INFO] Querying OpenAlex: Nature Materials page 1
2026-08-10 17:58:55 [INFO] Retrieved 6 dated works from Nature Materials
2026-08-10 17:58:55 [INFO] Querying OpenAlex: Nature Nanotechnology page 1
2026-08-10 17:58:55 [INFO] Retrieved 8 dated works from Nature Nanotechnology
2026-08-10 17:58:55 [INFO] Querying OpenAlex: Nature Chemistry page 1
2026-08-10 17:58:56 [INFO] Retrieved 0 dated works from Nature Chemistry
2026-08-10 17:58:56 [INFO] Querying OpenAlex: Nature Chemical Biology page 1
2026-08-10 17:58:56 [INFO] Retrieved 6 dated works from Nature Chemical Biology
2026-08-10 17:58:56 [INFO] Querying OpenAlex: Nature Communications page 1
2026-08-10 17:58:57 [INFO] Querying OpenAlex: Nature Communications page 2
2026-08-10 17:58:58 [INFO] Querying OpenAlex: Nature Communications page 3
2026-08-10 17:58:59 [INFO] Querying OpenAlex: Nature Communications page 4
2026-08-10 17:59:00 [INFO] Querying OpenAlex: Nature Communications page 5
2026-08-10 17:59:00 [INFO] Querying OpenAlex: Nature Communications page 6
2026-08-10 17:59:01 [INFO] Retrieved 256 dated works from Nature Communications
2026-08-10 17:59:01 [INFO] Querying OpenAlex: Nature Plants page 1
2026-08-10 17:59:01 [INFO] Retrieved 5 dated works from Nature Plants
2026-08-10 17:59:01 [INFO] Querying OpenAlex: Nature Reviews Clean Technology page 1
2026-08-10 17:59:02 [INFO] Retrieved 0 dated works from Nature Reviews Clean Technology
2026-08-10 17:59:02 [INFO] Querying OpenAlex: Nature Water page 1
2026-08-10 17:59:02 [INFO] Retrieved 1 dated works from Nature Water
2026-08-10 17:59:02 [INFO] Querying OpenAlex: Science page 1
2026-08-10 17:59:02 [INFO] Retrieved 34 dated works from Science
2026-08-10 17:59:02 [INFO] Querying OpenAlex: Science Advances page 1
2026-08-10 17:59:03 [INFO] Querying OpenAlex: Science Advances page 2
2026-08-10 17:59:04 [INFO] Retrieved 86 dated works from Science Advances
2026-08-10 17:59:04 [INFO] Querying OpenAlex: Science Translational Medicine page 1
2026-08-10 17:59:05 [INFO] Retrieved 9 dated works from Science Translational Medicine
2026-08-10 17:59:05 [INFO] Querying OpenAlex: Cell page 1
2026-08-10 17:59:05 [INFO] Retrieved 0 dated works from Cell
2026-08-10 17:59:05 [INFO] Querying OpenAlex: Joule page 1
2026-08-10 17:59:05 [INFO] Retrieved 0 dated works from Joule
2026-08-10 17:59:05 [INFO] Querying OpenAlex: Chem page 1
2026-08-10 17:59:05 [INFO] Retrieved 0 dated works from Chem
2026-08-10 17:59:05 [INFO] Querying OpenAlex: Chem Catalysis page 1
2026-08-10 17:59:06 [INFO] Retrieved 0 dated works from Chem Catalysis
2026-08-10 17:59:06 [INFO] Querying OpenAlex: Matter page 1
2026-08-10 17:59:06 [INFO] Retrieved 0 dated works from Matter
2026-08-10 17:59:06 [INFO] Querying OpenAlex: One Earth page 1
2026-08-10 17:59:06 [INFO] Retrieved 0 dated works from One Earth
2026-08-10 17:59:06 [INFO] Querying OpenAlex: Renewable and Sustainable Energy Reviews page 1
2026-08-10 17:59:07 [INFO] Retrieved 27 dated works from Renewable and Sustainable Energy Reviews
2026-08-10 17:59:07 [INFO] Querying OpenAlex: Chemical Engineering Journal page 1
2026-08-10 17:59:08 [INFO] Querying OpenAlex: Chemical Engineering Journal page 2
2026-08-10 17:59:08 [INFO] Retrieved 77 dated works from Chemical Engineering Journal
2026-08-10 17:59:08 [INFO] Querying OpenAlex: Bioresource Technology page 1
2026-08-10 17:59:09 [INFO] Retrieved 11 dated works from Bioresource Technology
2026-08-10 17:59:09 [INFO] Querying OpenAlex: Journal of Cleaner Production page 1
2026-08-10 17:59:09 [INFO] Retrieved 0 dated works from Journal of Cleaner Production
2026-08-10 17:59:09 [INFO] Querying OpenAlex: Energy page 1
2026-08-10 17:59:10 [INFO] Retrieved 23 dated works from Energy
2026-08-10 17:59:10 [INFO] Querying OpenAlex: Fuel page 1
2026-08-10 17:59:10 [INFO] Querying OpenAlex: Fuel page 2
2026-08-10 17:59:11 [INFO] Retrieved 60 dated works from Fuel
2026-08-10 17:59:11 [INFO] Querying OpenAlex: Chemosphere page 1
2026-08-10 17:59:11 [INFO] Retrieved 6 dated works from Chemosphere
2026-08-10 17:59:11 [INFO] Querying OpenAlex: Industrial & Engineering Chemistry Research page 1
2026-08-10 17:59:12 [INFO] Retrieved 39 dated works from Industrial & Engineering Chemistry Research
2026-08-10 17:59:12 [INFO] Querying OpenAlex: Energy & Fuels page 1
2026-08-10 17:59:13 [INFO] Retrieved 44 dated works from Energy & Fuels
2026-08-10 17:59:13 [INFO] Querying OpenAlex: Applied Energy page 1
2026-08-10 17:59:14 [INFO] Querying OpenAlex: Applied Energy page 2
2026-08-10 17:59:14 [INFO] Retrieved 66 dated works from Applied Energy
2026-08-10 17:59:14 [INFO] Querying OpenAlex: Green Chemistry page 1
2026-08-10 17:59:14 [INFO] Retrieved 0 dated works from Green Chemistry
2026-08-10 17:59:14 [INFO] Querying OpenAlex: International Journal of Hydrogen Energy page 1
2026-08-10 17:59:15 [INFO] Retrieved 23 dated works from International Journal of Hydrogen Energy
2026-08-10 17:59:15 [INFO] Querying OpenAlex: International Journal of Agricultural and Biological Engineering page 1
2026-08-10 17:59:15 [INFO] Retrieved 0 dated works from International Journal of Agricultural and Biological Engineering
2026-08-10 17:59:15 [INFO] Querying OpenAlex: 农业工程学报 page 1
2026-08-10 17:59:15 [INFO] Retrieved 0 dated works from 农业工程学报
2026-08-10 17:59:15 [INFO] Querying OpenAlex: Biochemical Engineering Journal page 1
2026-08-10 17:59:16 [INFO] Retrieved 5 dated works from Biochemical Engineering Journal
2026-08-10 17:59:16 [INFO] Querying OpenAlex: Frontiers in Microbiology page 1
2026-08-10 17:59:17 [INFO] Querying OpenAlex: Frontiers in Microbiology page 2
2026-08-10 17:59:17 [INFO] Retrieved 71 dated works from Frontiers in Microbiology
2026-08-10 17:59:17 [INFO] Keyword filtering retained 9 of 946 works
2026-08-10 17:59:17 [INFO] Historical deduplication retained 9 new papers
2026-08-10 17:59:17 [INFO] History persisted before report delivery
2026-08-10 17:59:18 [INFO] Translated title: Iron/sulfur cycling in pyrite-biochar constructed wetlands enhances PFOA removal, nutrient metabolism and greenhouse gas mitigation
2026-08-10 17:59:19 [INFO] Translated title: Photodegradation process of microplastics mediated by biochar-derived dissolved organic matter: Insights from density functional theory calculations
2026-08-10 17:59:19 [INFO] Translated title: An energy-efficient CO2/pulsating H2O(g) strategy for advancing biochar gasification
2026-08-10 17:59:20 [INFO] Translated title: Influence of metal loading and temperature on methane decomposition and nano-carbon formation over iron catalyst supported by sawdust biochar and alumina
2026-08-10 17:59:21 [INFO] Translated title: Scaled-Up Microwave-Assisted Continuous Pyrolysisfor Mixed Plastic Waste Valorization: Process Design and Techno-EconomicAnalysis toward Technology Industrialization
2026-08-10 17:59:21 [INFO] Translated title: Synergistic Production of Fuel-Grade Bio-Oil and CarbonRich Biochar from Co-Pyrolysis of Spent Coffee Grounds and HDPE: ProcessOptimization Using Response Surface Methodology and Machine Learning
2026-08-10 17:59:22 [INFO] Translated title: Unraveling the effect of olive-mill waste biostimulant particles during photosynthetic biogas upgrading coupled with pigment production
2026-08-10 17:59:22 [INFO] Translated title: Acidogenic fermentation of thermally hydrolyzed organic matter recovered from residual municipal waste: process performance and insights from batch and semi-continuous operation
2026-08-10 17:59:22 [INFO] Translated title: Identification of a membrane transporter for dimethylsulfoniopropionate uptake in marine eukaryotic phytoplankton
2026-08-10 17:59:22 [WARNING] Skipping summary without abstract: Iron/sulfur cycling in pyrite-biochar constructed wetlands enhances PFOA removal, nutrient metabolism and greenhouse gas mitigation
2026-08-10 17:59:22 [WARNING] Skipping summary without abstract: Photodegradation process of microplastics mediated by biochar-derived dissolved organic matter: Insights from density functional theory calculations
2026-08-10 17:59:22 [WARNING] Skipping summary without abstract: An energy-efficient CO2/pulsating H2O(g) strategy for advancing biochar gasification
2026-08-10 17:59:22 [WARNING] Skipping summary without abstract: Influence of metal loading and temperature on methane decomposition and nano-carbon formation over iron catalyst supported by sawdust biochar and alumina
2026-08-10 17:59:28 [INFO] Generated summary: Scaled-Up Microwave-Assisted Continuous Pyrolysisfor Mixed Plastic Waste Valorization: Process Design and Techno-EconomicAnalysis toward Technology Industrialization
2026-08-10 17:59:32 [INFO] Generated summary: Synergistic Production of Fuel-Grade Bio-Oil and CarbonRich Biochar from Co-Pyrolysis of Spent Coffee Grounds and HDPE: ProcessOptimization Using Response Surface Methodology and Machine Learning
2026-08-10 17:59:36 [INFO] Generated summary: Unraveling the effect of olive-mill waste biostimulant particles during photosynthetic biogas upgrading coupled with pigment production
2026-08-10 17:59:41 [INFO] Generated summary: Acidogenic fermentation of thermally hydrolyzed organic matter recovered from residual municipal waste: process performance and insights from batch and semi-continuous operation
2026-08-10 17:59:45 [INFO] Generated summary: Identification of a membrane transporter for dimethylsulfoniopropionate uptake in marine eukaryotic phytoplankton
2026-08-10 17:59:45 [INFO] Generated report and rebuilt archive index: /home/runner/work/literature-radar/literature-radar/reports/weekly_report_2026-08-10.md
2026-08-10 17:59:48 [INFO] Email sent successfully
2026-08-10 17:59:48 [INFO] Run completed; GitHub Actions will commit generated files
